// Jest Snapshot v1, https://goo.gl/fbAQLP

exports[`EntrarComponent Deve ter o breadcrumb definido. 1`] = `
Observable {
  "source": BehaviorSubject {
    "_value": [
      {
        "iconClass": "bi bi-door-closed",
        "texto": "Entrar",
      },
    ],
    "closed": false,
    "currentObservers": [],
    "hasError": false,
    "isStopped": false,
    "observers": [],
    "thrownError": null,
  },
}
`;
